 
****************************************
Report : area
Design : top
Version: W-2024.09-SP5-1
Date   : Mon Jul 27 17:59:51 2026
****************************************

Library(s) Used:

    saed32rvt_ss0p75v125c (File: /home/synuser17/riscv/pdk/DBs/saed32rvt_ss0p75v125c.db)
    saed32lvt_ss0p75v125c (File: /home/synuser17/riscv/pdk/DBs/saed32lvt_ss0p75v125c.db)
    saed32hvt_ss0p75v125c (File: /home/synuser17/riscv/pdk/DBs/saed32hvt_ss0p75v125c.db)
    saed32sramlp_ss0p75v125c_i0p75v (File: /home/synuser17/riscv/pdk/DBs/saed32sramlp_ss0p75v125c_i0p75v.db)

Number of ports:                          212
Number of nets:                          8308
Number of cells:                         7373
Number of combinational cells:           5907
Number of sequential cells:              1451
Number of macros/black boxes:               2
Number of buf/inv:                        518
Number of references:                      90

Combinational area:              15074.297359
Buf/Inv area:                      717.702658
Noncombinational area:            9592.919738
Macro/Black Box area:            19056.208984
Net Interconnect area:            9638.057753

Total cell area:                 43723.426081
Total area:                      53361.483834

Hierarchical area distribution
------------------------------

                                  Global cell area              Local cell area
                                  -------------------  --------------------------------- 
Hierarchical cell                 Absolute    Percent  Combi-      Noncombi-  Black-
                                  Total       Total    national    national   boxes       Design
--------------------------------  ----------  -------  ----------  ---------  ----------  -------------
top                               43723.4261    100.0   6140.1191  3038.0375  19056.2090  top
u_regfile                         15489.0605     35.4   8934.1783  6554.8823      0.0000  register_file
--------------------------------  ----------  -------  ----------  ---------  ----------  -------------
Total                                                  15074.2974  9592.9197  19056.2090

1
