 
****************************************
Report : constraint
        -all_violators
Design : top
Version: W-2024.09-SP5-1
Date   : Mon Jul 27 17:59:53 2026
****************************************


   min_delay/hold ('clk' group)

                             Required        Actual
   Endpoint                 Path Delay     Path Delay        Slack
   -----------------------------------------------------------------
   u_instr_mem/u_imem/A[0]      0.35           0.16 f        -0.20  (VIOLATED)
   u_instr_mem/u_imem/A[1]      0.35           0.27 f        -0.08  (VIOLATED)
   u_instr_mem/u_imem/A[2]      0.35           0.27 f        -0.08  (VIOLATED)
   u_instr_mem/u_imem/A[3]      0.35           0.27 f        -0.08  (VIOLATED)
   u_instr_mem/u_imem/A[5]      0.35           0.27 f        -0.08  (VIOLATED)
   u_pipe_mem_wb/mem_data_out_reg[0]/D
                                0.25           0.21 f        -0.04  (VIOLATED)
   u_pipe_mem_wb/mem_data_out_reg[2]/D
                                0.25           0.21 f        -0.04  (VIOLATED)
   u_pipe_mem_wb/mem_data_out_reg[3]/D
                                0.25           0.21 f        -0.04  (VIOLATED)
   u_pipe_mem_wb/mem_data_out_reg[5]/D
                                0.25           0.21 f        -0.04  (VIOLATED)
   u_pipe_mem_wb/mem_data_out_reg[8]/D
                                0.25           0.21 f        -0.04  (VIOLATED)
   u_pipe_mem_wb/mem_data_out_reg[9]/D
                                0.25           0.21 f        -0.04  (VIOLATED)
   u_pipe_mem_wb/mem_data_out_reg[10]/D
                                0.25           0.21 f        -0.04  (VIOLATED)
   u_pipe_mem_wb/mem_data_out_reg[11]/D
                                0.25           0.21 f        -0.04  (VIOLATED)
   u_pipe_mem_wb/mem_data_out_reg[13]/D
                                0.25           0.21 f        -0.04  (VIOLATED)
   u_pipe_mem_wb/mem_data_out_reg[15]/D
                                0.25           0.21 f        -0.04  (VIOLATED)
   u_pipe_mem_wb/mem_data_out_reg[16]/D
                                0.25           0.21 f        -0.04  (VIOLATED)
   u_pipe_mem_wb/mem_data_out_reg[18]/D
                                0.25           0.21 f        -0.04  (VIOLATED)
   u_pipe_mem_wb/mem_data_out_reg[19]/D
                                0.25           0.21 f        -0.04  (VIOLATED)
   u_pipe_mem_wb/mem_data_out_reg[20]/D
                                0.25           0.21 f        -0.04  (VIOLATED)
   u_pipe_mem_wb/mem_data_out_reg[24]/D
                                0.25           0.21 f        -0.04  (VIOLATED)
   u_pipe_mem_wb/mem_data_out_reg[25]/D
                                0.25           0.21 f        -0.04  (VIOLATED)
   u_pipe_mem_wb/mem_data_out_reg[26]/D
                                0.25           0.21 f        -0.04  (VIOLATED)
   u_pipe_mem_wb/mem_data_out_reg[27]/D
                                0.25           0.21 f        -0.04  (VIOLATED)
   u_pipe_mem_wb/mem_data_out_reg[28]/D
                                0.25           0.21 f        -0.04  (VIOLATED)
   u_pipe_mem_wb/mem_data_out_reg[29]/D
                                0.25           0.21 f        -0.04  (VIOLATED)
   u_pipe_mem_wb/mem_data_out_reg[30]/D
                                0.25           0.21 f        -0.04  (VIOLATED)
   u_pipe_mem_wb/mem_data_out_reg[1]/D
                                0.25           0.21 f        -0.04  (VIOLATED)
   u_pipe_mem_wb/mem_data_out_reg[4]/D
                                0.25           0.21 f        -0.04  (VIOLATED)
   u_pipe_mem_wb/mem_data_out_reg[6]/D
                                0.25           0.21 f        -0.04  (VIOLATED)
   u_pipe_mem_wb/mem_data_out_reg[7]/D
                                0.25           0.21 f        -0.04  (VIOLATED)
   u_pipe_mem_wb/mem_data_out_reg[12]/D
                                0.25           0.21 f        -0.04  (VIOLATED)
   u_pipe_mem_wb/mem_data_out_reg[14]/D
                                0.25           0.21 f        -0.04  (VIOLATED)
   u_pipe_mem_wb/mem_data_out_reg[17]/D
                                0.25           0.21 f        -0.04  (VIOLATED)
   u_pipe_mem_wb/mem_data_out_reg[21]/D
                                0.25           0.21 f        -0.04  (VIOLATED)
   u_pipe_mem_wb/mem_data_out_reg[22]/D
                                0.25           0.21 f        -0.04  (VIOLATED)
   u_pipe_mem_wb/mem_data_out_reg[23]/D
                                0.25           0.21 f        -0.04  (VIOLATED)


   max_transition

                             Required        Actual
   Net                      Transition     Transition        Slack
   -----------------------------------------------------------------
   u_regfile/n3083              0.17           0.18           0.00  (VIOLATED: increase significant digits)
   u_regfile/n2484              0.17           0.18           0.00  (VIOLATED: increase significant digits)
   u_regfile/n3065              0.17           0.18           0.00  (VIOLATED: increase significant digits)
   u_regfile/n3087              0.17           0.18           0.00  (VIOLATED: increase significant digits)

   -----------------------------------------------------------------
   Total                      4                  -0.01  

   max_area

                             Required        Actual
   Design                      Area           Area           Slack
   -----------------------------------------------------------------
   top                          0.00       53361.48       -53361.48 (VIOLATED)


1
