 
****************************************
Report : power
        -analysis_effort low
Design : top
Version: W-2024.09-SP5-1
Date   : Mon Jul 27 17:59:52 2026
****************************************


Library(s) Used:

    saed32rvt_ss0p75v125c (File: /home/synuser17/riscv/pdk/DBs/saed32rvt_ss0p75v125c.db)
    saed32lvt_ss0p75v125c (File: /home/synuser17/riscv/pdk/DBs/saed32lvt_ss0p75v125c.db)
    saed32hvt_ss0p75v125c (File: /home/synuser17/riscv/pdk/DBs/saed32hvt_ss0p75v125c.db)
    saed32sramlp_ss0p75v125c_i0p75v (File: /home/synuser17/riscv/pdk/DBs/saed32sramlp_ss0p75v125c_i0p75v.db)


Operating Conditions: ss0p75v125c   Library: saed32hvt_ss0p75v125c
Wire Load Model Mode: enclosed

Design        Wire Load Model            Library
------------------------------------------------
top                    70000             saed32hvt_ss0p75v125c
register_file          16000             saed32hvt_ss0p75v125c


Global Operating Voltage = 0.75 
Power-specific unit information :
    Voltage Units = 1V
    Capacitance Units = 1.000000ff
    Time Units = 1ns
    Dynamic Power Units = 1uW    (derived from V,C,T units)
    Leakage Power Units = 1pW


Attributes
----------
i - Including register clock pin internal power


  Cell Internal Power  = 469.2426 uW   (99%)
  Net Switching Power  =   4.5751 uW    (1%)
                         ---------
Total Dynamic Power    = 473.8178 uW  (100%)

Cell Leakage Power     = 504.9324 uW


                 Internal         Switching           Leakage            Total
Power Group      Power            Power               Power              Power   (   %    )  Attrs
--------------------------------------------------------------------------------------------------
io_pad             0.0000            0.0000            0.0000            0.0000  (   0.00%)
memory            17.2084        9.6517e-02            0.0000           17.3049  (   1.77%)
black_box          0.0000            0.0000            0.0000            0.0000  (   0.00%)
clock_network    427.2391            0.0000            0.0000          427.2391  (  43.65%)  i
register          17.1348            0.8265        6.9444e+07           87.4047  (   8.93%)
sequential         0.0000            0.0000            0.0000            0.0000  (   0.00%)
combinational      7.6604            3.6522        4.3549e+08          446.8013  (  45.65%)
--------------------------------------------------------------------------------------------------
Total            469.2427 uW         4.5751 uW     5.0493e+08 pW       978.7501 uW
1
