 
****************************************
Report : qor
Design : top
Version: W-2024.09-SP5-1
Date   : Mon Jul 27 17:59:52 2026
****************************************


  Timing Path Group 'clk'
  -----------------------------------
  Levels of Logic:              51.00
  Critical Path Length:          8.25
  Critical Path Slack:           0.02
  Critical Path Clk Period:     10.00
  Total Negative Slack:          0.00
  No. of Violating Paths:        0.00
  Worst Hold Violation:         -0.20
  Total Hold Violation:         -1.66
  No. of Hold Violations:       36.00
  -----------------------------------


  Cell Count
  -----------------------------------
  Hierarchical Cell Count:          1
  Hierarchical Port Count:        114
  Leaf Cell Count:               7360
  Buf/Inv Cell Count:             518
  Buf Cell Count:                  17
  Inv Cell Count:                 501
  CT Buf/Inv Cell Count:            0
  Combinational Cell Count:      5907
  Sequential Cell Count:         1453
  Macro Count:                      0
  -----------------------------------


  Area
  -----------------------------------
  Combinational Area:    15074.297359
  Noncombinational Area:  9592.919738
  Buf/Inv Area:            717.702658
  Total Buffer Area:            42.44
  Total Inverter Area:         675.26
  Macro/Black Box Area:  19056.208984
  Net Area:               9638.057753
  -----------------------------------
  Cell Area:             43723.426081
  Design Area:           53361.483834


  Design Rules
  -----------------------------------
  Total Number of Nets:          8195
  Nets With Violations:             4
  Max Trans Violations:             4
  Max Cap Violations:               0
  -----------------------------------


  Hostname: synopsys.galileo.edu

  Compile CPU Statistics
  -----------------------------------------
  Resource Sharing:                    4.35
  Logic Optimization:                 32.25
  Mapping Optimization:               56.66
  -----------------------------------------
  Overall Compile Time:              212.88
  Overall Compile Wall Clock Time:  1160.30

  --------------------------------------------------------------------

  Design  WNS: 0.00  TNS: 0.00  Number of Violating Paths: 0


  Design (Hold)  WNS: 0.20  TNS: 1.66  Number of Violating Paths: 36

  --------------------------------------------------------------------


1
