Information: Updating design information... (UID-85)
Warning: Design 'top' contains 1 high-fanout nets. A fanout number of 1000 will be used for delay calculations involving these nets. (TIM-134)
 
****************************************
Report : timing
        -path full
        -delay max
        -max_paths 10
Design : top
Version: W-2024.09-SP5-1
Date   : Mon Jul 27 17:59:50 2026
****************************************

 # A fanout number of 1000 was used for high fanout net computations.

Operating Conditions: ss0p75v125c   Library: saed32hvt_ss0p75v125c
Wire Load Model Mode: enclosed

  Startpoint: u_pipe_id_ex/rs1_addr_out_reg[3]
              (rising edge-triggered flip-flop clocked by clk)
  Endpoint: u_pc/pc_out_reg[30]
            (rising edge-triggered flip-flop clocked by clk)
  Path Group: clk
  Path Type: max

  Des/Clust/Port     Wire Load Model       Library
  ------------------------------------------------
  top                70000                 saed32hvt_ss0p75v125c

  Point                                                   Incr       Path
  --------------------------------------------------------------------------
  clock clk (rise edge)                                   0.00       0.00
  clock network delay (ideal)                             0.00       0.00
  u_pipe_id_ex/rs1_addr_out_reg[3]/CLK (DFFX1_HVT)        0.00 #     0.00 r
  u_pipe_id_ex/rs1_addr_out_reg[3]/Q (DFFX1_HVT)          2.08       2.08 f
  U2529/Y (XNOR2X1_LVT)                                   0.22       2.29 r
  U2650/Y (NAND3X0_LVT)                                   0.05       2.35 f
  U2651/Y (NOR4X0_LVT)                                    0.17       2.52 r
  U1561/Y (INVX1_LVT)                                     0.05       2.57 f
  U2516/Y (INVX4_LVT)                                     0.07       2.63 r
  U1560/Y (OR4X2_RVT)                                     0.22       2.85 r
  U2652/Y (INVX4_LVT)                                     0.05       2.90 f
  U1670/Y (OR2X2_LVT)                                     0.08       2.98 f
  U2505/Y (INVX4_LVT)                                     0.06       3.04 r
  U2555/Y (AO222X1_LVT)                                   0.18       3.22 r
  U1586/Y (INVX0_HVT)                                     0.30       3.52 f
  U2663/Y (AND2X1_RVT)                                    0.30       3.82 f
  U1752/Y (OR3X1_RVT)                                     0.20       4.02 f
  U2766/Y (OR4X1_LVT)                                     0.13       4.15 f
  U2782/Y (OR4X1_LVT)                                     0.17       4.33 f
  U1727/Y (XNOR2X1_LVT)                                   0.10       4.43 f
  U2114/Y (OA21X1_LVT)                                    0.09       4.52 f
  U2807/Y (OR4X1_LVT)                                     0.19       4.72 f
  U2808/Y (AOI21X1_LVT)                                   0.08       4.79 r
  U2067/Y (OR2X2_LVT)                                     0.09       4.88 r
  U1603/Y (INVX8_LVT)                                     0.04       4.92 f
  U2023/Y (AO22X1_RVT)                                    0.16       5.07 f
  U2002/Y (NAND2X0_RVT)                                   0.12       5.19 r
  U1683/Y (INVX0_RVT)                                     0.08       5.27 f
  U3295/CO (FADDX1_LVT)                                   0.12       5.39 f
  U1542/Y (AOI21X1_RVT)                                   0.21       5.60 r
  U1942/Y (OAI21X1_LVT)                                   0.12       5.72 f
  U3439/CO (FADDX1_LVT)                                   0.10       5.82 f
  U3457/CO (FADDX1_LVT)                                   0.10       5.92 f
  U3491/CO (FADDX1_LVT)                                   0.10       6.02 f
  U3521/CO (FADDX1_LVT)                                   0.10       6.13 f
  U3542/CO (FADDX1_LVT)                                   0.10       6.23 f
  U3575/CO (FADDX1_LVT)                                   0.10       6.33 f
  U3654/CO (FADDX1_LVT)                                   0.10       6.43 f
  U3671/CO (FADDX1_LVT)                                   0.10       6.53 f
  U3697/CO (FADDX1_LVT)                                   0.10       6.63 f
  U3714/CO (FADDX1_LVT)                                   0.10       6.74 f
  U3744/CO (FADDX1_LVT)                                   0.10       6.84 f
  U3754/CO (FADDX1_LVT)                                   0.10       6.94 f
  U3768/CO (FADDX1_LVT)                                   0.10       7.04 f
  U3816/CO (FADDX1_LVT)                                   0.10       7.14 f
  U3853/CO (FADDX1_LVT)                                   0.10       7.25 f
  U3901/CO (FADDX1_LVT)                                   0.10       7.35 f
  U3915/CO (FADDX1_LVT)                                   0.10       7.45 f
  U3941/CO (FADDX1_LVT)                                   0.10       7.55 f
  U3944/CO (FADDX1_LVT)                                   0.10       7.66 f
  U3947/CO (FADDX1_LVT)                                   0.10       7.76 f
  U3950/CO (FADDX1_LVT)                                   0.10       7.86 f
  U3953/CO (FADDX1_LVT)                                   0.10       7.96 f
  U3955/S (FADDX1_LVT)                                    0.17       8.13 r
  U3954/Y (AO222X1_LVT)                                   0.12       8.25 r
  u_pc/pc_out_reg[30]/D (DFFX1_HVT)                       0.00       8.25 r
  data arrival time                                                  8.25

  clock clk (rise edge)                                  10.00      10.00
  clock network delay (ideal)                             0.00      10.00
  clock uncertainty                                      -0.50       9.50
  u_pc/pc_out_reg[30]/CLK (DFFX1_HVT)                     0.00       9.50 r
  library setup time                                     -1.23       8.27
  data required time                                                 8.27
  --------------------------------------------------------------------------
  data required time                                                 8.27
  data arrival time                                                 -8.25
  --------------------------------------------------------------------------
  slack (MET)                                                        0.02


  Startpoint: u_pipe_id_ex/rs1_addr_out_reg[3]
              (rising edge-triggered flip-flop clocked by clk)
  Endpoint: u_pc/pc_out_reg[29]
            (rising edge-triggered flip-flop clocked by clk)
  Path Group: clk
  Path Type: max

  Des/Clust/Port     Wire Load Model       Library
  ------------------------------------------------
  top                70000                 saed32hvt_ss0p75v125c

  Point                                                   Incr       Path
  --------------------------------------------------------------------------
  clock clk (rise edge)                                   0.00       0.00
  clock network delay (ideal)                             0.00       0.00
  u_pipe_id_ex/rs1_addr_out_reg[3]/CLK (DFFX1_HVT)        0.00 #     0.00 r
  u_pipe_id_ex/rs1_addr_out_reg[3]/Q (DFFX1_HVT)          2.08       2.08 f
  U2529/Y (XNOR2X1_LVT)                                   0.22       2.29 r
  U2650/Y (NAND3X0_LVT)                                   0.05       2.35 f
  U2651/Y (NOR4X0_LVT)                                    0.17       2.52 r
  U1561/Y (INVX1_LVT)                                     0.05       2.57 f
  U2516/Y (INVX4_LVT)                                     0.07       2.63 r
  U1560/Y (OR4X2_RVT)                                     0.22       2.85 r
  U2652/Y (INVX4_LVT)                                     0.05       2.90 f
  U1670/Y (OR2X2_LVT)                                     0.08       2.98 f
  U2505/Y (INVX4_LVT)                                     0.06       3.04 r
  U2555/Y (AO222X1_LVT)                                   0.18       3.22 r
  U1586/Y (INVX0_HVT)                                     0.30       3.52 f
  U2663/Y (AND2X1_RVT)                                    0.30       3.82 f
  U1752/Y (OR3X1_RVT)                                     0.20       4.02 f
  U2766/Y (OR4X1_LVT)                                     0.13       4.15 f
  U2782/Y (OR4X1_LVT)                                     0.17       4.33 f
  U1727/Y (XNOR2X1_LVT)                                   0.10       4.43 f
  U2114/Y (OA21X1_LVT)                                    0.09       4.52 f
  U2807/Y (OR4X1_LVT)                                     0.19       4.72 f
  U2808/Y (AOI21X1_LVT)                                   0.08       4.79 r
  U2067/Y (OR2X2_LVT)                                     0.09       4.88 r
  U1603/Y (INVX8_LVT)                                     0.04       4.92 f
  U2023/Y (AO22X1_RVT)                                    0.16       5.07 f
  U2002/Y (NAND2X0_RVT)                                   0.12       5.19 r
  U1683/Y (INVX0_RVT)                                     0.08       5.27 f
  U3295/CO (FADDX1_LVT)                                   0.12       5.39 f
  U1542/Y (AOI21X1_RVT)                                   0.21       5.60 r
  U1942/Y (OAI21X1_LVT)                                   0.12       5.72 f
  U3439/CO (FADDX1_LVT)                                   0.10       5.82 f
  U3457/CO (FADDX1_LVT)                                   0.10       5.92 f
  U3491/CO (FADDX1_LVT)                                   0.10       6.02 f
  U3521/CO (FADDX1_LVT)                                   0.10       6.13 f
  U3542/CO (FADDX1_LVT)                                   0.10       6.23 f
  U3575/CO (FADDX1_LVT)                                   0.10       6.33 f
  U3654/CO (FADDX1_LVT)                                   0.10       6.43 f
  U3671/CO (FADDX1_LVT)                                   0.10       6.53 f
  U3697/CO (FADDX1_LVT)                                   0.10       6.63 f
  U3714/CO (FADDX1_LVT)                                   0.10       6.74 f
  U3744/CO (FADDX1_LVT)                                   0.10       6.84 f
  U3754/CO (FADDX1_LVT)                                   0.10       6.94 f
  U3768/CO (FADDX1_LVT)                                   0.10       7.04 f
  U3816/CO (FADDX1_LVT)                                   0.10       7.14 f
  U3853/CO (FADDX1_LVT)                                   0.10       7.25 f
  U3901/CO (FADDX1_LVT)                                   0.10       7.35 f
  U3915/CO (FADDX1_LVT)                                   0.10       7.45 f
  U3941/CO (FADDX1_LVT)                                   0.10       7.55 f
  U3944/CO (FADDX1_LVT)                                   0.10       7.66 f
  U3947/CO (FADDX1_LVT)                                   0.10       7.76 f
  U3950/CO (FADDX1_LVT)                                   0.10       7.86 f
  U3953/S (FADDX1_LVT)                                    0.17       8.03 r
  U3951/Y (AO222X1_LVT)                                   0.12       8.15 r
  u_pc/pc_out_reg[29]/D (DFFX1_HVT)                       0.00       8.15 r
  data arrival time                                                  8.15

  clock clk (rise edge)                                  10.00      10.00
  clock network delay (ideal)                             0.00      10.00
  clock uncertainty                                      -0.50       9.50
  u_pc/pc_out_reg[29]/CLK (DFFX1_HVT)                     0.00       9.50 r
  library setup time                                     -1.23       8.27
  data required time                                                 8.27
  --------------------------------------------------------------------------
  data required time                                                 8.27
  data arrival time                                                 -8.15
  --------------------------------------------------------------------------
  slack (MET)                                                        0.12


  Startpoint: u_pipe_id_ex/rs1_addr_out_reg[3]
              (rising edge-triggered flip-flop clocked by clk)
  Endpoint: u_pc/pc_out_reg[28]
            (rising edge-triggered flip-flop clocked by clk)
  Path Group: clk
  Path Type: max

  Des/Clust/Port     Wire Load Model       Library
  ------------------------------------------------
  top                70000                 saed32hvt_ss0p75v125c

  Point                                                   Incr       Path
  --------------------------------------------------------------------------
  clock clk (rise edge)                                   0.00       0.00
  clock network delay (ideal)                             0.00       0.00
  u_pipe_id_ex/rs1_addr_out_reg[3]/CLK (DFFX1_HVT)        0.00 #     0.00 r
  u_pipe_id_ex/rs1_addr_out_reg[3]/Q (DFFX1_HVT)          2.08       2.08 f
  U2529/Y (XNOR2X1_LVT)                                   0.22       2.29 r
  U2650/Y (NAND3X0_LVT)                                   0.05       2.35 f
  U2651/Y (NOR4X0_LVT)                                    0.17       2.52 r
  U1561/Y (INVX1_LVT)                                     0.05       2.57 f
  U2516/Y (INVX4_LVT)                                     0.07       2.63 r
  U1560/Y (OR4X2_RVT)                                     0.22       2.85 r
  U2652/Y (INVX4_LVT)                                     0.05       2.90 f
  U1670/Y (OR2X2_LVT)                                     0.08       2.98 f
  U2505/Y (INVX4_LVT)                                     0.06       3.04 r
  U2555/Y (AO222X1_LVT)                                   0.18       3.22 r
  U1586/Y (INVX0_HVT)                                     0.30       3.52 f
  U2663/Y (AND2X1_RVT)                                    0.30       3.82 f
  U1752/Y (OR3X1_RVT)                                     0.20       4.02 f
  U2766/Y (OR4X1_LVT)                                     0.13       4.15 f
  U2782/Y (OR4X1_LVT)                                     0.17       4.33 f
  U1727/Y (XNOR2X1_LVT)                                   0.10       4.43 f
  U2114/Y (OA21X1_LVT)                                    0.09       4.52 f
  U2807/Y (OR4X1_LVT)                                     0.19       4.72 f
  U2808/Y (AOI21X1_LVT)                                   0.08       4.79 r
  U2067/Y (OR2X2_LVT)                                     0.09       4.88 r
  U1603/Y (INVX8_LVT)                                     0.04       4.92 f
  U2023/Y (AO22X1_RVT)                                    0.16       5.07 f
  U2002/Y (NAND2X0_RVT)                                   0.12       5.19 r
  U1683/Y (INVX0_RVT)                                     0.08       5.27 f
  U3295/CO (FADDX1_LVT)                                   0.12       5.39 f
  U1542/Y (AOI21X1_RVT)                                   0.21       5.60 r
  U1942/Y (OAI21X1_LVT)                                   0.12       5.72 f
  U3439/CO (FADDX1_LVT)                                   0.10       5.82 f
  U3457/CO (FADDX1_LVT)                                   0.10       5.92 f
  U3491/CO (FADDX1_LVT)                                   0.10       6.02 f
  U3521/CO (FADDX1_LVT)                                   0.10       6.13 f
  U3542/CO (FADDX1_LVT)                                   0.10       6.23 f
  U3575/CO (FADDX1_LVT)                                   0.10       6.33 f
  U3654/CO (FADDX1_LVT)                                   0.10       6.43 f
  U3671/CO (FADDX1_LVT)                                   0.10       6.53 f
  U3697/CO (FADDX1_LVT)                                   0.10       6.63 f
  U3714/CO (FADDX1_LVT)                                   0.10       6.74 f
  U3744/CO (FADDX1_LVT)                                   0.10       6.84 f
  U3754/CO (FADDX1_LVT)                                   0.10       6.94 f
  U3768/CO (FADDX1_LVT)                                   0.10       7.04 f
  U3816/CO (FADDX1_LVT)                                   0.10       7.14 f
  U3853/CO (FADDX1_LVT)                                   0.10       7.25 f
  U3901/CO (FADDX1_LVT)                                   0.10       7.35 f
  U3915/CO (FADDX1_LVT)                                   0.10       7.45 f
  U3941/CO (FADDX1_LVT)                                   0.10       7.55 f
  U3944/CO (FADDX1_LVT)                                   0.10       7.66 f
  U3947/CO (FADDX1_LVT)                                   0.10       7.76 f
  U3950/S (FADDX1_LVT)                                    0.17       7.93 r
  U3948/Y (AO222X1_LVT)                                   0.12       8.05 r
  u_pc/pc_out_reg[28]/D (DFFX1_HVT)                       0.00       8.05 r
  data arrival time                                                  8.05

  clock clk (rise edge)                                  10.00      10.00
  clock network delay (ideal)                             0.00      10.00
  clock uncertainty                                      -0.50       9.50
  u_pc/pc_out_reg[28]/CLK (DFFX1_HVT)                     0.00       9.50 r
  library setup time                                     -1.23       8.27
  data required time                                                 8.27
  --------------------------------------------------------------------------
  data required time                                                 8.27
  data arrival time                                                 -8.05
  --------------------------------------------------------------------------
  slack (MET)                                                        0.22


  Startpoint: u_pipe_id_ex/rs2_addr_out_reg[3]
              (rising edge-triggered flip-flop clocked by clk)
  Endpoint: alu_debug[0]
            (output port clocked by clk)
  Path Group: clk
  Path Type: max

  Des/Clust/Port     Wire Load Model       Library
  ------------------------------------------------
  top                70000                 saed32hvt_ss0p75v125c

  Point                                                   Incr       Path
  --------------------------------------------------------------------------
  clock clk (rise edge)                                   0.00       0.00
  clock network delay (ideal)                             0.00       0.00
  u_pipe_id_ex/rs2_addr_out_reg[3]/CLK (DFFX1_HVT)        0.00 #     0.00 r
  u_pipe_id_ex/rs2_addr_out_reg[3]/Q (DFFX1_HVT)          2.08       2.08 f
  U2526/Y (XNOR2X1_LVT)                                   0.22       2.29 r
  U2659/Y (NAND3X0_LVT)                                   0.05       2.35 f
  U1925/Y (NOR4X0_LVT)                                    0.12       2.47 r
  U1564/Y (INVX1_LVT)                                     0.03       2.50 f
  U1565/Y (INVX0_HVT)                                     0.07       2.57 r
  U2660/Y (INVX1_LVT)                                     0.03       2.61 f
  U1563/Y (INVX2_RVT)                                     0.10       2.71 r
  U2661/Y (NOR4X0_LVT)                                    0.18       2.88 f
  U2506/Y (INVX2_LVT)                                     0.05       2.94 r
  U1559/Y (INVX2_LVT)                                     0.05       2.99 f
  U1557/Y (OR2X1_LVT)                                     0.09       3.08 f
  U2444/Y (INVX4_LVT)                                     0.06       3.15 r
  U2715/Y (AO222X1_LVT)                                   0.14       3.28 r
  U1643/Y (MUX21X1_LVT)                                   0.13       3.42 r
  U1814/Y (INVX2_LVT)                                     0.07       3.49 f
  U2285/Y (INVX2_LVT)                                     0.10       3.59 r
  U2829/Y (NOR2X2_LVT)                                    0.13       3.72 f
  U1574/Y (AOI21X2_RVT)                                   0.20       3.92 r
  U1541/Y (OR3X1_HVT)                                     0.68       4.60 r
  U1539/Y (AOI22X1_RVT)                                   0.28       4.88 f
  U2138/Y (OR3X1_RVT)                                     0.12       5.00 f
  U3611/Y (AO21X1_LVT)                                    0.09       5.09 f
  U2098/Y (NAND3X0_RVT)                                   0.05       5.15 r
  U3614/Y (AO21X1_LVT)                                    0.08       5.23 r
  U1537/Y (AOI21X1_RVT)                                   0.16       5.40 f
  U3615/Y (NOR3X0_LVT)                                    0.10       5.50 r
  U1535/Y (OA21X1_RVT)                                    0.11       5.61 r
  U3616/Y (NOR2X0_LVT)                                    0.09       5.70 f
  U1534/Y (OA21X1_RVT)                                    0.12       5.82 f
  U1532/Y (NOR3X0_RVT)                                    0.17       5.99 r
  U1578/Y (NOR2X2_RVT)                                    0.13       6.13 f
  U3617/Y (NOR3X0_LVT)                                    0.10       6.23 r
  U1529/Y (OA21X1_RVT)                                    0.11       6.34 r
  U1523/Y (NOR2X0_RVT)                                    0.15       6.49 f
  U1962/Y (OR3X1_RVT)                                     0.12       6.61 f
  U3620/Y (AO21X1_LVT)                                    0.09       6.70 f
  U1513/Y (AOI21X1_RVT)                                   0.18       6.88 r
  U3623/Y (OA22X1_LVT)                                    0.07       6.94 r
  U3624/Y (AOI21X1_LVT)                                   0.08       7.02 f
  U3625/Y (NOR4X0_LVT)                                    0.11       7.13 r
  U1596/Y (OR3X2_RVT)                                     0.12       7.25 r
  alu_debug[0] (out)                                      0.00       7.25 r
  data arrival time                                                  7.25

  clock clk (rise edge)                                  10.00      10.00
  clock network delay (ideal)                             0.00      10.00
  clock uncertainty                                      -0.50       9.50
  output external delay                                  -2.00       7.50
  data required time                                                 7.50
  --------------------------------------------------------------------------
  data required time                                                 7.50
  data arrival time                                                 -7.25
  --------------------------------------------------------------------------
  slack (MET)                                                        0.25


  Startpoint: u_pipe_id_ex/rs2_addr_out_reg[0]
              (rising edge-triggered flip-flop clocked by clk)
  Endpoint: alu_debug[30]
            (output port clocked by clk)
  Path Group: clk
  Path Type: max

  Des/Clust/Port     Wire Load Model       Library
  ------------------------------------------------
  top                70000                 saed32hvt_ss0p75v125c

  Point                                                   Incr       Path
  --------------------------------------------------------------------------
  clock clk (rise edge)                                   0.00       0.00
  clock network delay (ideal)                             0.00       0.00
  u_pipe_id_ex/rs2_addr_out_reg[0]/CLK (DFFX1_HVT)        0.00 #     0.00 r
  u_pipe_id_ex/rs2_addr_out_reg[0]/Q (DFFX1_HVT)          2.08       2.08 f
  U2550/Y (XNOR2X1_LVT)                                   0.17       2.25 f
  U2659/Y (NAND3X0_LVT)                                   0.08       2.33 r
  U1925/Y (NOR4X0_LVT)                                    0.11       2.44 f
  U1564/Y (INVX1_LVT)                                     0.04       2.47 r
  U1565/Y (INVX0_HVT)                                     0.13       2.60 f
  U2660/Y (INVX1_LVT)                                     0.10       2.70 r
  U1563/Y (INVX2_RVT)                                     0.10       2.80 f
  U2661/Y (NOR4X0_LVT)                                    0.19       3.00 r
  U2506/Y (INVX2_LVT)                                     0.02       3.02 f
  U1559/Y (INVX2_LVT)                                     0.07       3.09 r
  U1557/Y (OR2X1_LVT)                                     0.10       3.19 r
  U2444/Y (INVX4_LVT)                                     0.05       3.23 f
  U2715/Y (AO222X1_LVT)                                   0.12       3.36 f
  U1643/Y (MUX21X1_LVT)                                   0.15       3.51 f
  U1814/Y (INVX2_LVT)                                     0.12       3.63 r
  U2285/Y (INVX2_LVT)                                     0.07       3.70 f
  U1769/Y (XOR2X1_LVT)                                    0.15       3.85 r
  U2862/Y (NOR2X0_LVT)                                    0.09       3.94 f
  U2204/Y (OAI21X1_LVT)                                   0.13       4.08 r
  U2864/Y (AOI21X1_LVT)                                   0.08       4.15 f
  U2127/Y (OAI21X1_LVT)                                   0.14       4.29 r
  U1540/Y (AO21X1_RVT)                                    0.14       4.43 r
  U3465/CO (FADDX1_LVT)                                   0.11       4.54 r
  U2986/CO (FADDX1_LVT)                                   0.11       4.65 r
  U3566/CO (FADDX1_LVT)                                   0.11       4.75 r
  U1581/CO (FADDX1_RVT)                                   0.17       4.93 r
  U3661/CO (FADDX1_LVT)                                   0.11       5.04 r
  U3689/CO (FADDX1_LVT)                                   0.11       5.14 r
  U3708/CO (FADDX1_LVT)                                   0.11       5.25 r
  U3720/CO (FADDX1_LVT)                                   0.11       5.36 r
  U1583/CO (FADDX1_RVT)                                   0.17       5.53 r
  U3758/CO (FADDX1_LVT)                                   0.11       5.64 r
  U2908/CO (FADDX1_LVT)                                   0.11       5.75 r
  U3807/CO (FADDX1_LVT)                                   0.11       5.85 r
  U3829/CO (FADDX1_LVT)                                   0.11       5.96 r
  U1585/CO (FADDX1_RVT)                                   0.17       6.13 r
  U3879/CO (FADDX1_LVT)                                   0.11       6.24 r
  U3892/CO (FADDX1_LVT)                                   0.11       6.35 r
  U3904/CO (FADDX1_LVT)                                   0.11       6.46 r
  U3924/CO (FADDX1_LVT)                                   0.11       6.56 r
  U3935/S (FADDX1_LVT)                                    0.15       6.71 f
  U3925/Y (AO22X1_LVT)                                    0.10       6.81 f
  U3926/Y (OR2X1_LVT)                                     0.07       6.88 f
  U3928/Y (OR4X1_LVT)                                     0.16       7.04 f
  U1597/Y (OR3X2_RVT)                                     0.14       7.18 f
  alu_debug[30] (out)                                     0.00       7.18 f
  data arrival time                                                  7.18

  clock clk (rise edge)                                  10.00      10.00
  clock network delay (ideal)                             0.00      10.00
  clock uncertainty                                      -0.50       9.50
  output external delay                                  -2.00       7.50
  data required time                                                 7.50
  --------------------------------------------------------------------------
  data required time                                                 7.50
  data arrival time                                                 -7.18
  --------------------------------------------------------------------------
  slack (MET)                                                        0.32


  Startpoint: u_pipe_id_ex/rs2_addr_out_reg[0]
              (rising edge-triggered flip-flop clocked by clk)
  Endpoint: alu_debug[29]
            (output port clocked by clk)
  Path Group: clk
  Path Type: max

  Des/Clust/Port     Wire Load Model       Library
  ------------------------------------------------
  top                70000                 saed32hvt_ss0p75v125c

  Point                                                   Incr       Path
  --------------------------------------------------------------------------
  clock clk (rise edge)                                   0.00       0.00
  clock network delay (ideal)                             0.00       0.00
  u_pipe_id_ex/rs2_addr_out_reg[0]/CLK (DFFX1_HVT)        0.00 #     0.00 r
  u_pipe_id_ex/rs2_addr_out_reg[0]/Q (DFFX1_HVT)          2.08       2.08 f
  U2550/Y (XNOR2X1_LVT)                                   0.17       2.25 f
  U2659/Y (NAND3X0_LVT)                                   0.08       2.33 r
  U1925/Y (NOR4X0_LVT)                                    0.11       2.44 f
  U1564/Y (INVX1_LVT)                                     0.04       2.47 r
  U1565/Y (INVX0_HVT)                                     0.13       2.60 f
  U2660/Y (INVX1_LVT)                                     0.10       2.70 r
  U1563/Y (INVX2_RVT)                                     0.10       2.80 f
  U2661/Y (NOR4X0_LVT)                                    0.19       3.00 r
  U2506/Y (INVX2_LVT)                                     0.02       3.02 f
  U1559/Y (INVX2_LVT)                                     0.07       3.09 r
  U1557/Y (OR2X1_LVT)                                     0.10       3.19 r
  U2444/Y (INVX4_LVT)                                     0.05       3.23 f
  U2715/Y (AO222X1_LVT)                                   0.12       3.36 f
  U1643/Y (MUX21X1_LVT)                                   0.15       3.51 f
  U1814/Y (INVX2_LVT)                                     0.12       3.63 r
  U2285/Y (INVX2_LVT)                                     0.07       3.70 f
  U1769/Y (XOR2X1_LVT)                                    0.15       3.85 r
  U2862/Y (NOR2X0_LVT)                                    0.09       3.94 f
  U2204/Y (OAI21X1_LVT)                                   0.13       4.08 r
  U2864/Y (AOI21X1_LVT)                                   0.08       4.15 f
  U2127/Y (OAI21X1_LVT)                                   0.14       4.29 r
  U1540/Y (AO21X1_RVT)                                    0.14       4.43 r
  U3465/CO (FADDX1_LVT)                                   0.11       4.54 r
  U2986/CO (FADDX1_LVT)                                   0.11       4.65 r
  U3566/CO (FADDX1_LVT)                                   0.11       4.75 r
  U1581/CO (FADDX1_RVT)                                   0.17       4.93 r
  U3661/CO (FADDX1_LVT)                                   0.11       5.04 r
  U3689/CO (FADDX1_LVT)                                   0.11       5.14 r
  U3708/CO (FADDX1_LVT)                                   0.11       5.25 r
  U3720/CO (FADDX1_LVT)                                   0.11       5.36 r
  U1583/CO (FADDX1_RVT)                                   0.17       5.53 r
  U3758/CO (FADDX1_LVT)                                   0.11       5.64 r
  U2908/CO (FADDX1_LVT)                                   0.11       5.75 r
  U3807/CO (FADDX1_LVT)                                   0.11       5.85 r
  U3829/CO (FADDX1_LVT)                                   0.11       5.96 r
  U1585/CO (FADDX1_RVT)                                   0.17       6.13 r
  U3879/CO (FADDX1_LVT)                                   0.11       6.24 r
  U3892/CO (FADDX1_LVT)                                   0.11       6.35 r
  U3904/CO (FADDX1_LVT)                                   0.11       6.46 r
  U3924/S (FADDX1_LVT)                                    0.15       6.61 f
  U3905/Y (AOI22X1_LVT)                                   0.12       6.73 r
  U2565/Y (OAI21X1_LVT)                                   0.10       6.83 f
  U3908/Y (OR3X1_LVT)                                     0.10       6.93 f
  U3912/Y (OR3X1_LVT)                                     0.09       7.01 f
  U3913/Y (AO21X1_LVT)                                    0.06       7.07 f
  alu_debug[29] (out)                                     0.00       7.07 f
  data arrival time                                                  7.07

  clock clk (rise edge)                                  10.00      10.00
  clock network delay (ideal)                             0.00      10.00
  clock uncertainty                                      -0.50       9.50
  output external delay                                  -2.00       7.50
  data required time                                                 7.50
  --------------------------------------------------------------------------
  data required time                                                 7.50
  data arrival time                                                 -7.07
  --------------------------------------------------------------------------
  slack (MET)                                                        0.43


  Startpoint: u_pipe_if_id/instr_out_reg[20]
              (rising edge-triggered flip-flop clocked by clk)
  Endpoint: u_pipe_id_ex/rs2_data_out_reg[21]
            (rising edge-triggered flip-flop clocked by clk)
  Path Group: clk
  Path Type: max

  Des/Clust/Port     Wire Load Model       Library
  ------------------------------------------------
  top                70000                 saed32hvt_ss0p75v125c
  register_file      16000                 saed32hvt_ss0p75v125c

  Point                                                   Incr       Path
  --------------------------------------------------------------------------
  clock clk (rise edge)                                   0.00       0.00
  clock network delay (ideal)                             0.00       0.00
  u_pipe_if_id/instr_out_reg[20]/CLK (DFFX1_HVT)          0.00 #     0.00 r
  u_pipe_if_id/instr_out_reg[20]/Q (DFFX1_HVT)            2.19       2.19 f
  u_regfile/rs2_addr[0] (register_file)                   0.00       2.19 f
  u_regfile/U1037/Y (XOR2X1_RVT)                          0.41       2.60 r
  u_regfile/U310/Y (OR3X1_HVT)                            1.03       3.63 r
  u_regfile/U411/Y (INVX4_RVT)                            0.21       3.84 f
  u_regfile/U305/Y (NOR3X0_HVT)                           0.78       4.62 r
  u_regfile/U360/Y (INVX0_HVT)                            0.35       4.97 f
  u_regfile/U361/Y (INVX0_HVT)                            0.49       5.46 r
  u_regfile/U1471/Y (AO22X1_RVT)                          0.23       5.69 r
  u_regfile/U94/Y (OR4X1_HVT)                             1.58       7.27 r
  u_regfile/U1477/Y (OR4X1_RVT)                           0.26       7.52 r
  u_regfile/rs2_data[21] (register_file)                  0.00       7.52 r
  U1647/Y (INVX0_HVT)                                     0.11       7.64 f
  U3785/Y (NOR2X0_RVT)                                    0.22       7.86 r
  u_pipe_id_ex/rs2_data_out_reg[21]/D (DFFX1_HVT)         0.00       7.86 r
  data arrival time                                                  7.86

  clock clk (rise edge)                                  10.00      10.00
  clock network delay (ideal)                             0.00      10.00
  clock uncertainty                                      -0.50       9.50
  u_pipe_id_ex/rs2_data_out_reg[21]/CLK (DFFX1_HVT)       0.00       9.50 r
  library setup time                                     -1.21       8.29
  data required time                                                 8.29
  --------------------------------------------------------------------------
  data required time                                                 8.29
  data arrival time                                                 -7.86
  --------------------------------------------------------------------------
  slack (MET)                                                        0.43


  Startpoint: u_pipe_id_ex/rs2_addr_out_reg[0]
              (rising edge-triggered flip-flop clocked by clk)
  Endpoint: alu_debug[31]
            (output port clocked by clk)
  Path Group: clk
  Path Type: max

  Des/Clust/Port     Wire Load Model       Library
  ------------------------------------------------
  top                70000                 saed32hvt_ss0p75v125c

  Point                                                   Incr       Path
  --------------------------------------------------------------------------
  clock clk (rise edge)                                   0.00       0.00
  clock network delay (ideal)                             0.00       0.00
  u_pipe_id_ex/rs2_addr_out_reg[0]/CLK (DFFX1_HVT)        0.00 #     0.00 r
  u_pipe_id_ex/rs2_addr_out_reg[0]/Q (DFFX1_HVT)          2.08       2.08 f
  U2550/Y (XNOR2X1_LVT)                                   0.17       2.25 f
  U2659/Y (NAND3X0_LVT)                                   0.08       2.33 r
  U1925/Y (NOR4X0_LVT)                                    0.11       2.44 f
  U1564/Y (INVX1_LVT)                                     0.04       2.47 r
  U1565/Y (INVX0_HVT)                                     0.13       2.60 f
  U2660/Y (INVX1_LVT)                                     0.10       2.70 r
  U1563/Y (INVX2_RVT)                                     0.10       2.80 f
  U2661/Y (NOR4X0_LVT)                                    0.19       3.00 r
  U2506/Y (INVX2_LVT)                                     0.02       3.02 f
  U1559/Y (INVX2_LVT)                                     0.07       3.09 r
  U1557/Y (OR2X1_LVT)                                     0.10       3.19 r
  U2444/Y (INVX4_LVT)                                     0.05       3.23 f
  U2715/Y (AO222X1_LVT)                                   0.12       3.36 f
  U1643/Y (MUX21X1_LVT)                                   0.15       3.51 f
  U1814/Y (INVX2_LVT)                                     0.12       3.63 r
  U2285/Y (INVX2_LVT)                                     0.07       3.70 f
  U1769/Y (XOR2X1_LVT)                                    0.15       3.85 r
  U2862/Y (NOR2X0_LVT)                                    0.09       3.94 f
  U2204/Y (OAI21X1_LVT)                                   0.13       4.08 r
  U2864/Y (AOI21X1_LVT)                                   0.08       4.15 f
  U2127/Y (OAI21X1_LVT)                                   0.14       4.29 r
  U1540/Y (AO21X1_RVT)                                    0.14       4.43 r
  U3465/CO (FADDX1_LVT)                                   0.11       4.54 r
  U2986/CO (FADDX1_LVT)                                   0.11       4.65 r
  U3566/CO (FADDX1_LVT)                                   0.11       4.75 r
  U1581/CO (FADDX1_RVT)                                   0.17       4.93 r
  U3661/CO (FADDX1_LVT)                                   0.11       5.04 r
  U3689/CO (FADDX1_LVT)                                   0.11       5.14 r
  U3708/CO (FADDX1_LVT)                                   0.11       5.25 r
  U3720/CO (FADDX1_LVT)                                   0.11       5.36 r
  U1583/CO (FADDX1_RVT)                                   0.17       5.53 r
  U3758/CO (FADDX1_LVT)                                   0.11       5.64 r
  U2908/CO (FADDX1_LVT)                                   0.11       5.75 r
  U3807/CO (FADDX1_LVT)                                   0.11       5.85 r
  U3829/CO (FADDX1_LVT)                                   0.11       5.96 r
  U1585/CO (FADDX1_RVT)                                   0.17       6.13 r
  U3879/CO (FADDX1_LVT)                                   0.11       6.24 r
  U3892/CO (FADDX1_LVT)                                   0.11       6.35 r
  U3904/CO (FADDX1_LVT)                                   0.11       6.46 r
  U3924/CO (FADDX1_LVT)                                   0.11       6.56 r
  U3935/CO (FADDX1_LVT)                                   0.10       6.67 r
  U2538/Y (XNOR2X1_LVT)                                   0.13       6.79 r
  U3937/Y (OAI22X1_LVT)                                   0.09       6.88 f
  U3938/Y (OR3X1_LVT)                                     0.08       6.97 f
  U3939/Y (OR3X1_LVT)                                     0.09       7.06 f
  alu_debug[31] (out)                                     0.00       7.06 f
  data arrival time                                                  7.06

  clock clk (rise edge)                                  10.00      10.00
  clock network delay (ideal)                             0.00      10.00
  clock uncertainty                                      -0.50       9.50
  output external delay                                  -2.00       7.50
  data required time                                                 7.50
  --------------------------------------------------------------------------
  data required time                                                 7.50
  data arrival time                                                 -7.06
  --------------------------------------------------------------------------
  slack (MET)                                                        0.44


  Startpoint: u_pipe_id_ex/rs2_addr_out_reg[0]
              (rising edge-triggered flip-flop clocked by clk)
  Endpoint: alu_debug[28]
            (output port clocked by clk)
  Path Group: clk
  Path Type: max

  Des/Clust/Port     Wire Load Model       Library
  ------------------------------------------------
  top                70000                 saed32hvt_ss0p75v125c

  Point                                                   Incr       Path
  --------------------------------------------------------------------------
  clock clk (rise edge)                                   0.00       0.00
  clock network delay (ideal)                             0.00       0.00
  u_pipe_id_ex/rs2_addr_out_reg[0]/CLK (DFFX1_HVT)        0.00 #     0.00 r
  u_pipe_id_ex/rs2_addr_out_reg[0]/Q (DFFX1_HVT)          2.08       2.08 f
  U2550/Y (XNOR2X1_LVT)                                   0.17       2.25 f
  U2659/Y (NAND3X0_LVT)                                   0.08       2.33 r
  U1925/Y (NOR4X0_LVT)                                    0.11       2.44 f
  U1564/Y (INVX1_LVT)                                     0.04       2.47 r
  U1565/Y (INVX0_HVT)                                     0.13       2.60 f
  U2660/Y (INVX1_LVT)                                     0.10       2.70 r
  U1563/Y (INVX2_RVT)                                     0.10       2.80 f
  U2661/Y (NOR4X0_LVT)                                    0.19       3.00 r
  U2506/Y (INVX2_LVT)                                     0.02       3.02 f
  U1559/Y (INVX2_LVT)                                     0.07       3.09 r
  U1557/Y (OR2X1_LVT)                                     0.10       3.19 r
  U2444/Y (INVX4_LVT)                                     0.05       3.23 f
  U2715/Y (AO222X1_LVT)                                   0.12       3.36 f
  U1643/Y (MUX21X1_LVT)                                   0.15       3.51 f
  U1814/Y (INVX2_LVT)                                     0.12       3.63 r
  U2285/Y (INVX2_LVT)                                     0.07       3.70 f
  U1769/Y (XOR2X1_LVT)                                    0.15       3.85 r
  U2862/Y (NOR2X0_LVT)                                    0.09       3.94 f
  U2204/Y (OAI21X1_LVT)                                   0.13       4.08 r
  U2864/Y (AOI21X1_LVT)                                   0.08       4.15 f
  U2127/Y (OAI21X1_LVT)                                   0.14       4.29 r
  U1540/Y (AO21X1_RVT)                                    0.14       4.43 r
  U3465/CO (FADDX1_LVT)                                   0.11       4.54 r
  U2986/CO (FADDX1_LVT)                                   0.11       4.65 r
  U3566/CO (FADDX1_LVT)                                   0.11       4.75 r
  U1581/CO (FADDX1_RVT)                                   0.17       4.93 r
  U3661/CO (FADDX1_LVT)                                   0.11       5.04 r
  U3689/CO (FADDX1_LVT)                                   0.11       5.14 r
  U3708/CO (FADDX1_LVT)                                   0.11       5.25 r
  U3720/CO (FADDX1_LVT)                                   0.11       5.36 r
  U1583/CO (FADDX1_RVT)                                   0.17       5.53 r
  U3758/CO (FADDX1_LVT)                                   0.11       5.64 r
  U2908/CO (FADDX1_LVT)                                   0.11       5.75 r
  U3807/CO (FADDX1_LVT)                                   0.11       5.85 r
  U3829/CO (FADDX1_LVT)                                   0.11       5.96 r
  U1585/CO (FADDX1_RVT)                                   0.17       6.13 r
  U3879/CO (FADDX1_LVT)                                   0.11       6.24 r
  U3892/CO (FADDX1_LVT)                                   0.11       6.35 r
  U3904/S (FADDX1_LVT)                                    0.15       6.50 f
  U3893/Y (AO22X1_LVT)                                    0.09       6.59 f
  U3897/Y (OR3X1_LVT)                                     0.10       6.69 f
  U3898/Y (AO21X1_LVT)                                    0.06       6.75 f
  U1591/Y (OR3X2_RVT)                                     0.13       6.88 f
  U3899/Y (AO21X1_LVT)                                    0.07       6.95 f
  alu_debug[28] (out)                                     0.00       6.95 f
  data arrival time                                                  6.95

  clock clk (rise edge)                                  10.00      10.00
  clock network delay (ideal)                             0.00      10.00
  clock uncertainty                                      -0.50       9.50
  output external delay                                  -2.00       7.50
  data required time                                                 7.50
  --------------------------------------------------------------------------
  data required time                                                 7.50
  data arrival time                                                 -6.95
  --------------------------------------------------------------------------
  slack (MET)                                                        0.55


  Startpoint: u_pipe_id_ex/rs2_addr_out_reg[0]
              (rising edge-triggered flip-flop clocked by clk)
  Endpoint: alu_debug[27]
            (output port clocked by clk)
  Path Group: clk
  Path Type: max

  Des/Clust/Port     Wire Load Model       Library
  ------------------------------------------------
  top                70000                 saed32hvt_ss0p75v125c

  Point                                                   Incr       Path
  --------------------------------------------------------------------------
  clock clk (rise edge)                                   0.00       0.00
  clock network delay (ideal)                             0.00       0.00
  u_pipe_id_ex/rs2_addr_out_reg[0]/CLK (DFFX1_HVT)        0.00 #     0.00 r
  u_pipe_id_ex/rs2_addr_out_reg[0]/Q (DFFX1_HVT)          2.08       2.08 f
  U2550/Y (XNOR2X1_LVT)                                   0.17       2.25 f
  U2659/Y (NAND3X0_LVT)                                   0.08       2.33 r
  U1925/Y (NOR4X0_LVT)                                    0.11       2.44 f
  U1564/Y (INVX1_LVT)                                     0.04       2.47 r
  U1565/Y (INVX0_HVT)                                     0.13       2.60 f
  U2660/Y (INVX1_LVT)                                     0.10       2.70 r
  U1563/Y (INVX2_RVT)                                     0.10       2.80 f
  U2661/Y (NOR4X0_LVT)                                    0.19       3.00 r
  U2506/Y (INVX2_LVT)                                     0.02       3.02 f
  U1559/Y (INVX2_LVT)                                     0.07       3.09 r
  U1557/Y (OR2X1_LVT)                                     0.10       3.19 r
  U2444/Y (INVX4_LVT)                                     0.05       3.23 f
  U2715/Y (AO222X1_LVT)                                   0.12       3.36 f
  U1643/Y (MUX21X1_LVT)                                   0.15       3.51 f
  U1814/Y (INVX2_LVT)                                     0.12       3.63 r
  U2285/Y (INVX2_LVT)                                     0.07       3.70 f
  U1769/Y (XOR2X1_LVT)                                    0.15       3.85 r
  U2862/Y (NOR2X0_LVT)                                    0.09       3.94 f
  U2204/Y (OAI21X1_LVT)                                   0.13       4.08 r
  U2864/Y (AOI21X1_LVT)                                   0.08       4.15 f
  U2127/Y (OAI21X1_LVT)                                   0.14       4.29 r
  U1540/Y (AO21X1_RVT)                                    0.14       4.43 r
  U3465/CO (FADDX1_LVT)                                   0.11       4.54 r
  U2986/CO (FADDX1_LVT)                                   0.11       4.65 r
  U3566/CO (FADDX1_LVT)                                   0.11       4.75 r
  U1581/CO (FADDX1_RVT)                                   0.17       4.93 r
  U3661/CO (FADDX1_LVT)                                   0.11       5.04 r
  U3689/CO (FADDX1_LVT)                                   0.11       5.14 r
  U3708/CO (FADDX1_LVT)                                   0.11       5.25 r
  U3720/CO (FADDX1_LVT)                                   0.11       5.36 r
  U1583/CO (FADDX1_RVT)                                   0.17       5.53 r
  U3758/CO (FADDX1_LVT)                                   0.11       5.64 r
  U2908/CO (FADDX1_LVT)                                   0.11       5.75 r
  U3807/CO (FADDX1_LVT)                                   0.11       5.85 r
  U3829/CO (FADDX1_LVT)                                   0.11       5.96 r
  U1585/CO (FADDX1_RVT)                                   0.17       6.13 r
  U3879/CO (FADDX1_LVT)                                   0.11       6.24 r
  U3892/S (FADDX1_LVT)                                    0.15       6.39 f
  U3880/Y (AO22X1_LVT)                                    0.09       6.49 f
  U3881/Y (AOI21X1_LVT)                                   0.09       6.57 r
  U3882/Y (NAND3X0_LVT)                                   0.05       6.62 f
  U3883/Y (OR3X1_LVT)                                     0.08       6.69 f
  U3884/Y (OR3X1_LVT)                                     0.08       6.77 f
  alu_debug[27] (out)                                     0.00       6.77 f
  data arrival time                                                  6.77

  clock clk (rise edge)                                  10.00      10.00
  clock network delay (ideal)                             0.00      10.00
  clock uncertainty                                      -0.50       9.50
  output external delay                                  -2.00       7.50
  data required time                                                 7.50
  --------------------------------------------------------------------------
  data required time                                                 7.50
  data arrival time                                                 -6.77
  --------------------------------------------------------------------------
  slack (MET)                                                        0.73


1
